Microchip MPLAB XC8 Compiler V1.44 ()

Linker command line:

-W-3 --edf=D:\Program Files\Microchip\xc8\v1.44\dat\en_msgs.txt -cs \
  -h+dist/default/production\ZensuiPlus.X.production.sym \
  --cmf=dist/default/production\ZensuiPlus.X.production.cmf -z -Q16F18345 \
  -oC:\Users\liruya\AppData\Local\Temp\sduo.2 \
  -Mdist/default/production/ZensuiPlus.X.production.map -E1 -ver=XC8 \
  -ASTACK=0208Dh-023efh -pstack=STACK -ACODE=00h-07FFhx4 \
  -ASTRCODE=00h-01FFFh -ASTRING=00h-0FFhx32 -ACONST=00h-0FFhx32 \
  -AENTRY=00h-0FFhx32 -ACOMMON=070h-07Fh -ABANK0=020h-06Fh \
  -ABANK1=0A0h-0EFh -ABANK2=0120h-016Fh -ABANK3=01A0h-01EFh \
  -ABANK4=0220h-026Fh -ABANK5=02A0h-02EFh -ABANK6=0320h-036Fh \
  -ABANK7=03A0h-03EFh -ABANK8=0420h-046Fh -ABANK9=04A0h-04EFh \
  -ABANK10=0520h-056Fh -ABANK11=05A0h-05EFh -ABANK12=0620h-064Fh \
  -ABIGRAM=02000h-023EFh \
  -ARAM=020h-06Fh,0A0h-0EFh,0120h-016Fh,01A0h-01EFh,0220h-026Fh,02A0h-02EFh,0320h-036Fh,03A0h-03EFh,0420h-046Fh,04A0h-04EFh,0520h-056Fh,05A0h-05EFh,0620h-064Fh \
  -AABS1=020h-07Fh,0A0h-0EFh,0120h-016Fh,01A0h-01EFh,0220h-026Fh,02A0h-02EFh,0320h-036Fh,03A0h-03EFh,0420h-046Fh,04A0h-04EFh,0520h-056Fh,05A0h-05EFh,0620h-064Fh \
  -ASFR0=00h-01Fh -ASFR1=080h-09Fh -ASFR2=0100h-011Fh -ASFR3=0180h-019Fh \
  -ASFR4=0200h-021Fh -ASFR5=0280h-029Fh -ASFR6=0300h-031Fh \
  -ASFR7=0380h-039Fh -ASFR8=0400h-041Fh -ASFR9=0480h-049Fh \
  -ASFR10=0500h-051Fh -ASFR11=0580h-059Fh -ASFR12=0600h-061Fh \
  -ASFR13=0680h-06EFh -ASFR14=0700h-076Fh -ASFR15=0780h-07EFh \
  -ASFR16=0800h-086Fh -ASFR17=0880h-08EFh -ASFR18=0900h-096Fh \
  -ASFR19=0980h-09EFh -ASFR20=0A00h-0A6Fh -ASFR21=0A80h-0AEFh \
  -ASFR22=0B00h-0B6Fh -ASFR23=0B80h-0BEFh -ASFR24=0C00h-0C6Fh \
  -ASFR25=0C80h-0CEFh -ASFR26=0D00h-0D6Fh -ASFR27=0D80h-0DEFh \
  -ASFR28=0E00h-0E6Fh -ASFR29=0E80h-0EEFh -ASFR30=0F00h-0F6Fh \
  -ASFR31=0F80h-0FEFh -preset_vec=00h,intentry=04h,init,end_init \
  -ppowerup=CODE -pcinit=CODE -pfunctab=ENTRY -ACONFIG=08007h-0800Ah \
  -pconfig=CONFIG -DCONFIG=2 -AIDLOC=08000h-08003h -pidloc=IDLOC -DIDLOC=2 \
  -AEEDATA=00h-0FFh/0F000h -peeprom_data=EEDATA -DEEDATA=2 -DCODE=2 \
  -DSTRCODE=2 -DSTRING=2 -DCONST=2 -DENTRY=2 -k \
  C:\Users\liruya\AppData\Local\Temp\sduo.obj \
  dist/default/production\ZensuiPlus.X.production.obj 

Object code version is 3.11

Machine type is 16F18345



                Name                               Link     Load   Length Selector   Space Scale
C:\Users\liruya\AppData\Local\Temp\sduo.obj
                end_init                             1A       1A        2        8       0
                reset_vec                             0        0        2        0       0
                config                             8007     8007        4    1000E       0
dist/default/production\ZensuiPlus.X.production.obj
                cinit                                1C       1C      73B        8       0
                intentry                              4        4       16        8       0
                text67                              7D8      7D8        B        8       0
                text53                              7C0      7C0        D        8       0
                text52                              7AC      7AC       14        8       0
                text51                              798      798       14        8       0
                text50                              784      784       14        8       0
                text49                              770      770       14        8       0
                text47                              DC9      DC9      237     1B92       0
                text46                              7CD      7CD        B        8       0
                swtext1                             7ED      7ED        A      FDA       0
                cstackBANK0                          5E       5E       11       20       1
                cstackCOMMON                         70       70        E       70       1
                clrtext                             DC3      DC3        6     1B86       0
                inittext                            7F7      7F7        6      FEE       0
                dataBANK1                            D3       D3        A       A0       1
                bssBANK1                             A0       A0       33       A0       1
                dataBANK0                            45       45       19       20       1
                bssBANK0                             20       20       25       20       1
                idataBANK1                          7E3      7E3        A        8       0
                idataBANK0                          757      757       19        8       0

TOTAL           Name                               Link     Load   Length     Space
        CLASS   STACK          

        CLASS   CODE           
                end_init                             1A       1A        2         0
                cinit                                1C       1C      73B         0
                intentry                              4        4       16         0
                reset_vec                             0        0        2         0
                text67                              7D8      7D8        B         0
                text53                              7C0      7C0        D         0
                text52                              7AC      7AC       14         0
                text51                              798      798       14         0
                text50                              784      784       14         0
                text49                              770      770       14         0
                text47                              DC9      DC9      237         0
                text46                              7CD      7CD        B         0
                clrtext                             DC3      DC3        6         0
                inittext                            7F7      7F7        6         0
                idataBANK1                          7E3      7E3        A         0
                idataBANK0                          757      757       19         0

        CLASS   STRCODE        

        CLASS   STRING         

        CLASS   CONST          
                swtext1                             7ED      7ED        A         0

        CLASS   ENTRY          

        CLASS   COMMON         
                cstackCOMMON                         70       70        E         1

        CLASS   BANK0          
                cstackBANK0                          5E       5E       11         1
                dataBANK0                            45       45       19         1
                bssBANK0                             20       20       25         1

        CLASS   BANK1          
                dataBANK1                            D3       D3        A         1
                bssBANK1                             A0       A0       33         1

        CLASS   BANK2          

        CLASS   BANK3          

        CLASS   BANK4          

        CLASS   BANK5          

        CLASS   BANK6          

        CLASS   BANK7          

        CLASS   BANK8          

        CLASS   BANK9          

        CLASS   BANK10         

        CLASS   BANK11         

        CLASS   BANK12         

        CLASS   BIGRAM         

        CLASS   RAM            

        CLASS   ABS1           
                abs_s1                               7E       7E        2         1

        CLASS   SFR0           

        CLASS   SFR1           

        CLASS   SFR2           

        CLASS   SFR3           

        CLASS   SFR4           

        CLASS   SFR5           

        CLASS   SFR6           

        CLASS   SFR7           

        CLASS   SFR8           

        CLASS   SFR9           

        CLASS   SFR10          

        CLASS   SFR11          

        CLASS   SFR12          

        CLASS   SFR13          

        CLASS   SFR14          

        CLASS   SFR15          

        CLASS   SFR16          

        CLASS   SFR17          

        CLASS   SFR18          

        CLASS   SFR19          

        CLASS   SFR20          

        CLASS   SFR21          

        CLASS   SFR22          

        CLASS   SFR23          

        CLASS   SFR24          

        CLASS   SFR25          

        CLASS   SFR26          

        CLASS   SFR27          

        CLASS   SFR28          

        CLASS   SFR29          

        CLASS   SFR30          

        CLASS   SFR31          

        CLASS   CONFIG         
                config                             8007     8007        4         0

        CLASS   IDLOC          

        CLASS   EEDATA         

        CLASS   BANK31         

        CLASS   BANK30         

        CLASS   BANK29         

        CLASS   BANK28         

        CLASS   BANK27         

        CLASS   BANK26         

        CLASS   BANK25         

        CLASS   BANK24         

        CLASS   BANK23         

        CLASS   BANK22         

        CLASS   BANK21         

        CLASS   BANK20         

        CLASS   BANK19         

        CLASS   BANK18         

        CLASS   BANK17         

        CLASS   BANK16         

        CLASS   BANK15         

        CLASS   BANK14         

        CLASS   BANK13         



SEGMENTS        Name                           Load    Length   Top    Selector   Space  Class     Delta

                reset_vec                      000000  000002  000002         0       0  CODE        2
                intentry                       000004  0007E9  0007ED         8       0  CODE        2
                bssBANK0                       000020  00004F  00006F        20       1  BANK0       1
                cstackCOMMON                   000070  00000E  00007E        70       1  COMMON      1
                bssBANK1                       0000A0  00003D  0000DD        A0       1  BANK1       1
                swtext1                        0007ED  00000A  0007F7       FDA       0  CONST       2
                inittext                       0007F7  000006  0007FD       FEE       0  CODE        2
                clrtext                        000DC3  000006  000DC9      1B86       0  CODE        2
                text47                         000DC9  000237  001000      1B92       0  CODE        2
                config                         008007  000004  00800B     1000E       0  CONFIG      2


UNUSED ADDRESS RANGES

        Name                Unused          Largest block    Delta
        BANK0            0006F-0006F               1           1
        BANK1            000DD-000EF              13           1
        BANK10           00520-0056F              50           1
        BANK11           005A0-005EF              50           1
        BANK12           00620-0064F              30           1
        BANK2            00120-0016F              50           1
        BANK3            001A0-001EF              50           1
        BANK4            00220-0026F              50           1
        BANK5            002A0-002EF              50           1
        BANK6            00320-0036F              50           1
        BANK7            003A0-003EF              50           1
        BANK8            00420-0046F              50           1
        BANK9            004A0-004EF              50           1
        BIGRAM           02000-023EF             3F0           1
        CODE             00002-00003               2           2
                         007FD-00DC2               3
                         01000-01FFF             800
        CONST            00002-00003               2           2
                         007FD-00DC2             100
                         01000-01FFF             100
        EEDATA           0F000-0F0FF             100           2
        ENTRY            00002-00003               2           2
                         007FD-00DC2             100
                         01000-01FFF             100
        IDLOC            08000-08003               4           2
        RAM              0006F-0006F               1           1
                         000DD-000EF              13
                         00120-0016F              50
                         001A0-001EF              50
                         00220-0026F              50
                         002A0-002EF              50
                         00320-0036F              50
                         003A0-003EF              50
                         00420-0046F              50
                         004A0-004EF              50
                         00520-0056F              50
                         005A0-005EF              50
                         00620-0064F              30
        SFR0             00000-0001F              20           1
        SFR1             00080-0009F              20           1
        SFR10            00500-0051F              20           1
        SFR11            00580-0059F              20           1
        SFR12            00600-0061F              20           1
        SFR13            00680-006EF              70           1
        SFR14            00700-0076F              70           1
        SFR15            00780-007EF              70           1
        SFR16            00800-0086F              70           1
        SFR17            00880-008EF              70           1
        SFR18            00900-0096F              70           1
        SFR19            00980-009EF              70           1
        SFR2             00100-0011F              20           1
        SFR20            00A00-00A6F              70           1
        SFR21            00A80-00AEF              70           1
        SFR22            00B00-00B6F              70           1
        SFR23            00B80-00BEF              70           1
        SFR24            00C00-00C6F              70           1
        SFR25            00C80-00CEF              70           1
        SFR26            00D00-00D6F              70           1
        SFR27            00D80-00DEF              70           1
        SFR28            00E00-00E6F              70           1
        SFR29            00E80-00EEF              70           1
        SFR3             00180-0019F              20           1
        SFR30            00F00-00F6F              70           1
        SFR31            00F80-00FEF              70           1
        SFR4             00200-0021F              20           1
        SFR5             00280-0029F              20           1
        SFR6             00300-0031F              20           1
        SFR7             00380-0039F              20           1
        SFR8             00400-0041F              20           1
        SFR9             00480-0049F              20           1
        STACK            0208D-023EF             363           1
        STRCODE          00002-00003               2           2
                         007FD-00DC2             5C6
                         01000-01FFF            1000
        STRING           00002-00003               2           2
                         007FD-00DC2             100
                         01000-01FFF             100

                                  Symbol Table

?_tmr1_readtimer                    cstackCOMMON 00070
PL10                                cinit        00618
PL12                                cinit        00622
PL14                                cinit        0062B
PL16                                text47       00FDC
PL18                                text47       00FE4
PL2                                 cinit        005F7
PL20                                cinit        00634
PL22                                text47       00FEA
PL24                                text47       00FEF
PL26                                text47       00FF5
PL28                                cinit        0063A
PL30                                cinit        00640
PL32                                cinit        00753
PL34                                text47       00FFB
PL4                                 cinit        00606
PL6                                 text47       00FCA
PL8                                 cinit        0060D
_ANSELA                             (abs)        0018C
_CCP1CON                            (abs)        00293
_CCP1CONbits                        (abs)        00293
_CCP2CON                            (abs)        00297
_CCP2CONbits                        (abs)        00297
_CCP3CON                            (abs)        00313
_CCP3CONbits                        (abs)        00313
_CCP4CON                            (abs)        00317
_CCP4CONbits                        (abs)        00317
_CCPR1H                             (abs)        00292
_CCPR1L                             (abs)        00291
_CCPR2H                             (abs)        00296
_CCPR2L                             (abs)        00295
_CCPR3H                             (abs)        00312
_CCPR3L                             (abs)        00311
_CCPR4H                             (abs)        00316
_CCPR4L                             (abs)        00315
_CCPTMRSbits                        (abs)        0029F
_INTCONbits                         (abs)        0000B
_ISR                                intentry     00004
_KeyValue                           bssBANK0     00044
_LATA                               (abs)        0010C
_NVMADRH                            (abs)        00892
_NVMADRL                            (abs)        00891
_NVMCON1bits                        (abs)        00895
_NVMCON2                            (abs)        00896
_NVMDATL                            (abs)        00893
_OSCCON1bits                        (abs)        00919
_OSCCON3                            (abs)        0091B
_OSCENbits                          (abs)        0091D
_OSCFRQbits                         (abs)        0091F
_OSCTUNEbits                        (abs)        0091E
_PIE1bits                           (abs)        00091
_PIR1bits                           (abs)        00011
_PPSLOCK                            (abs)        00E0F
_PPSLOCKbits                        (abs)        00E0F
_PR2                                (abs)        0001E
_PWM5CON                            (abs)        00619
_PWM5CONbits                        (abs)        00619
_PWM5DCH                            (abs)        00618
_PWM5DCL                            (abs)        00617
_PWMTMRSbits                        (abs)        0061F
_RA0PPS                             (abs)        00E90
_RB4PPS                             (abs)        00E9C
_RC0PPS                             (abs)        00EA0
_T1CONbits                          (abs)        0001B
_T1GCONbits                         (abs)        0001C
_T1GPPS                             (abs)        00E13
_T2CONbits                          (abs)        0001F
_TMR1H                              (abs)        0001A
_TMR1L                              (abs)        00019
_TMR2                               (abs)        0001D
_TRISA                              (abs)        0008C
_WPUA                               (abs)        0020C
__CFG_BOREN$OFF                     (abs)        00000
__CFG_BORV$HIGH                     (abs)        00000
__CFG_CLKOUTEN$OFF                  (abs)        00000
__CFG_CP$OFF                        (abs)        00000
__CFG_CPD$OFF                       (abs)        00000
__CFG_CSWEN$ON                      (abs)        00000
__CFG_DEBUG$OFF                     (abs)        00000
__CFG_FCMEN$OFF                     (abs)        00000
__CFG_FEXTOSC$OFF                   (abs)        00000
__CFG_LPBOREN$OFF                   (abs)        00000
__CFG_LVP$ON                        (abs)        00000
__CFG_MCLRE$ON                      (abs)        00000
__CFG_PPS1WAY$ON                    (abs)        00000
__CFG_PWRTE$ON                      (abs)        00000
__CFG_RSTOSC$HFINT1                 (abs)        00000
__CFG_STVREN$ON                     (abs)        00000
__CFG_WDTE$ON                       (abs)        00000
__CFG_WRT$OFF                       (abs)        00000
__Habs1                             abs1         00000
__Hbank0                            bank0        00000
__Hbank1                            bank1        00000
__Hbank10                           bank10       00000
__Hbank11                           bank11       00000
__Hbank12                           bank12       00000
__Hbank13                           bank13       00000
__Hbank14                           bank14       00000
__Hbank15                           bank15       00000
__Hbank16                           bank16       00000
__Hbank17                           bank17       00000
__Hbank18                           bank18       00000
__Hbank19                           bank19       00000
__Hbank2                            bank2        00000
__Hbank20                           bank20       00000
__Hbank21                           bank21       00000
__Hbank22                           bank22       00000
__Hbank23                           bank23       00000
__Hbank24                           bank24       00000
__Hbank25                           bank25       00000
__Hbank26                           bank26       00000
__Hbank27                           bank27       00000
__Hbank28                           bank28       00000
__Hbank29                           bank29       00000
__Hbank3                            bank3        00000
__Hbank30                           bank30       00000
__Hbank31                           bank31       00000
__Hbank4                            bank4        00000
__Hbank5                            bank5        00000
__Hbank6                            bank6        00000
__Hbank7                            bank7        00000
__Hbank8                            bank8        00000
__Hbank9                            bank9        00000
__Hbigram                           bigram       00000
__HbssBANK0                         bssBANK0     00000
__HbssBANK1                         bssBANK1     00000
__Hcinit                            cinit        00757
__Hclrtext                          clrtext      00000
__Hcode                             code         00000
__Hcommon                           common       00000
__Hconfig                           config       0800B
__HcstackBANK0                      cstackBANK0  00000
__HcstackCOMMON                     cstackCOMMON 00000
__HdataBANK0                        dataBANK0    00000
__HdataBANK1                        dataBANK1    00000
__Heeprom_data                      eeprom_data  00000
__Hend_init                         end_init     0001C
__Hfunctab                          functab      00000
__HidataBANK0                       idataBANK0   00000
__HidataBANK1                       idataBANK1   00000
__Hidloc                            idloc        00000
__Hinit                             init         0001A
__Hinittext                         inittext     00000
__Hintentry                         intentry     0001A
__Hmaintext                         maintext     00000
__Hpa_nodes0                        pa_nodes0    00000
__Hpowerup                          powerup      00000
__Hram                              ram          00000
__Hreset_vec                        reset_vec    00002
__Hsfr0                             sfr0         00000
__Hsfr1                             sfr1         00000
__Hsfr10                            sfr10        00000
__Hsfr11                            sfr11        00000
__Hsfr12                            sfr12        00000
__Hsfr13                            sfr13        00000
__Hsfr14                            sfr14        00000
__Hsfr15                            sfr15        00000
__Hsfr16                            sfr16        00000
__Hsfr17                            sfr17        00000
__Hsfr18                            sfr18        00000
__Hsfr19                            sfr19        00000
__Hsfr2                             sfr2         00000
__Hsfr20                            sfr20        00000
__Hsfr21                            sfr21        00000
__Hsfr22                            sfr22        00000
__Hsfr23                            sfr23        00000
__Hsfr24                            sfr24        00000
__Hsfr25                            sfr25        00000
__Hsfr26                            sfr26        00000
__Hsfr27                            sfr27        00000
__Hsfr28                            sfr28        00000
__Hsfr29                            sfr29        00000
__Hsfr3                             sfr3         00000
__Hsfr30                            sfr30        00000
__Hsfr31                            sfr31        00000
__Hsfr4                             sfr4         00000
__Hsfr5                             sfr5         00000
__Hsfr6                             sfr6         00000
__Hsfr7                             sfr7         00000
__Hsfr8                             sfr8         00000
__Hsfr9                             sfr9         00000
__Hspace_0                          (abs)        0800B
__Hspace_1                          (abs)        000DD
__Hspace_2                          (abs)        00000
__Hspace_3                          (abs)        00000
__Hstack                            stack        00000
__Hstrings                          strings      00000
__Htext                             text         00000
__Labs1                             abs1         00000
__Lbank0                            bank0        00000
__Lbank1                            bank1        00000
__Lbank10                           bank10       00000
__Lbank11                           bank11       00000
__Lbank12                           bank12       00000
__Lbank13                           bank13       00000
__Lbank14                           bank14       00000
__Lbank15                           bank15       00000
__Lbank16                           bank16       00000
__Lbank17                           bank17       00000
__Lbank18                           bank18       00000
__Lbank19                           bank19       00000
__Lbank2                            bank2        00000
__Lbank20                           bank20       00000
__Lbank21                           bank21       00000
__Lbank22                           bank22       00000
__Lbank23                           bank23       00000
__Lbank24                           bank24       00000
__Lbank25                           bank25       00000
__Lbank26                           bank26       00000
__Lbank27                           bank27       00000
__Lbank28                           bank28       00000
__Lbank29                           bank29       00000
__Lbank3                            bank3        00000
__Lbank30                           bank30       00000
__Lbank31                           bank31       00000
__Lbank4                            bank4        00000
__Lbank5                            bank5        00000
__Lbank6                            bank6        00000
__Lbank7                            bank7        00000
__Lbank8                            bank8        00000
__Lbank9                            bank9        00000
__Lbigram                           bigram       00000
__LbssBANK0                         bssBANK0     00000
__LbssBANK1                         bssBANK1     00000
__Lcinit                            cinit        0001C
__Lclrtext                          clrtext      00000
__Lcode                             code         00000
__Lcommon                           common       00000
__Lconfig                           config       08007
__LcstackBANK0                      cstackBANK0  00000
__LcstackCOMMON                     cstackCOMMON 00000
__LdataBANK0                        dataBANK0    00000
__LdataBANK1                        dataBANK1    00000
__Leeprom_data                      eeprom_data  00000
__Lend_init                         end_init     0001A
__Lfunctab                          functab      00000
__LidataBANK0                       idataBANK0   00000
__LidataBANK1                       idataBANK1   00000
__Lidloc                            idloc        00000
__Linit                             init         0001A
__Linittext                         inittext     00000
__Lintentry                         intentry     00004
__Lmaintext                         maintext     00000
__Lpa_nodes0                        pa_nodes0    00000
__Lpowerup                          powerup      00000
__Lram                              ram          00000
__Lreset_vec                        reset_vec    00000
__Lsfr0                             sfr0         00000
__Lsfr1                             sfr1         00000
__Lsfr10                            sfr10        00000
__Lsfr11                            sfr11        00000
__Lsfr12                            sfr12        00000
__Lsfr13                            sfr13        00000
__Lsfr14                            sfr14        00000
__Lsfr15                            sfr15        00000
__Lsfr16                            sfr16        00000
__Lsfr17                            sfr17        00000
__Lsfr18                            sfr18        00000
__Lsfr19                            sfr19        00000
__Lsfr2                             sfr2         00000
__Lsfr20                            sfr20        00000
__Lsfr21                            sfr21        00000
__Lsfr22                            sfr22        00000
__Lsfr23                            sfr23        00000
__Lsfr24                            sfr24        00000
__Lsfr25                            sfr25        00000
__Lsfr26                            sfr26        00000
__Lsfr27                            sfr27        00000
__Lsfr28                            sfr28        00000
__Lsfr29                            sfr29        00000
__Lsfr3                             sfr3         00000
__Lsfr30                            sfr30        00000
__Lsfr31                            sfr31        00000
__Lsfr4                             sfr4         00000
__Lsfr5                             sfr5         00000
__Lsfr6                             sfr6         00000
__Lsfr7                             sfr7         00000
__Lsfr8                             sfr8         00000
__Lsfr9                             sfr9         00000
__Lspace_0                          (abs)        00000
__Lspace_1                          (abs)        00000
__Lspace_2                          (abs)        00000
__Lspace_3                          (abs)        00000
__Lstack                            stack        00000
__Lstrings                          strings      00000
__Ltext                             text         00000
__S0                                (abs)        0800B
__S1                                (abs)        000DD
__S2                                (abs)        00000
__S3                                (abs)        00000
___bmul                             cinit        0055B
___bmul@multiplicand                cstackBANK0  0005E
___bmul@multiplier                  cstackBANK0  00060
___bmul@product                     cstackBANK0  0005F
___int_sp                           stack        00000
___latbits                          (abs)        00002
___sp                               stack        00000
__end_ofPL10                        cinit        00622
__end_ofPL12                        cinit        0062B
__end_ofPL14                        cinit        00634
__end_ofPL16                        text47       00FE4
__end_ofPL18                        text47       00FEA
__end_ofPL2                         cinit        00606
__end_ofPL20                        cinit        0063A
__end_ofPL22                        text47       00FEF
__end_ofPL24                        text47       00FF5
__end_ofPL26                        text47       00FFB
__end_ofPL28                        cinit        00640
__end_ofPL30                        cinit        00646
__end_ofPL32                        cinit        00757
__end_ofPL34                        text47       01000
__end_ofPL4                         cinit        0060D
__end_ofPL6                         text47       00FDC
__end_ofPL8                         cinit        00618
__end_of_ISR                        intentry     0001A
__end_of___bmul                     cinit        00567
__end_of__initialization            cinit        00044
__end_of_app_init                   cinit        000BE
__end_of_eeprom_read_buffer         cinit        0057D
__end_of_eeprom_read_byte           cinit        0058B
__end_of_eeprom_write_buffer        cinit        00361
__end_of_eeprom_write_byte          cinit        00382
__end_of_gpio_set                   cinit        00118
__end_of_gpio_set_intputpps         cinit        000C4
__end_of_gpio_set_outputpps         cinit        0017B
__end_of_ir_action                  cinit        002A3
__end_of_ir_decode                  cinit        0072E
__end_of_ir_get_index               cinit        00482
__end_of_ir_long_action             text47       00E46
__end_of_ir_short_action            cinit        00429
__end_of_ir_tmr1_overflow_rest      cinit        0031B
__end_of_led_clear_state            cinit        0058F
__end_of_led_get_power_state        cinit        00483
__end_of_led_get_state              cinit        0033D
__end_of_led_init                   cinit        0028A
__end_of_led_notice                 text47       00F77
__end_of_led_para_init              cinit        0055B
__end_of_led_ramp                   text47       00FCA
__end_of_led_run                    text47       00DD5
__end_of_led_save_para              cinit        00328
__end_of_led_set_custom             text47       00ECE
__end_of_led_set_custom_bright      cinit        004A8
__end_of_led_set_decrease_bright    cinit        005A2
__end_of_led_set_increase_bright    cinit        005D6
__end_of_led_set_state              cinit        004B4
__end_of_led_setcolour              cinit        004D3
__end_of_led_startnotice            text47       00EE6
__end_of_led_toggle                 cinit        004DF
__end_of_led_turnoff_direct         text47       00F80
__end_of_led_turnoff_ramp           cinit        0034B
__end_of_led_turnon_direct          text47       00F89
__end_of_led_turnon_ramp            cinit        0029A
__end_of_main                       cinit        00055
__end_of_osc_init                   cinit        000D8
__end_of_pwm1_init                  cinit        00135
__end_of_pwm1_load_duty             text52       007C0
__end_of_pwm2_init                  cinit        00155
__end_of_pwm2_load_duty             text51       007AC
__end_of_pwm3_init                  cinit        0019E
__end_of_pwm3_load_duty             text50       00798
__end_of_pwm4_init                  cinit        001C0
__end_of_pwm4_load_duty             text49       00784
__end_of_pwm5_init                  cinit        001DA
__end_of_pwm5_load_duty             text53       007CD
__end_of_tmr1_gate_enabled_isr      cinit        001DD
__end_of_tmr1_gate_isr              text67       007E3
__end_of_tmr1_init                  cinit        001FE
__end_of_tmr1_readtimer             cinit        0073E
__end_of_tmr1_starttimer            cinit        00201
__end_of_tmr1_stoptimer             cinit        0033F
__end_of_tmr1_writetimer            cinit        0020F
__end_of_tmr2_disabled_isr          cinit        00753
__end_of_tmr2_enabled_isr           cinit        0031E
__end_of_tmr2_init                  cinit        00225
__end_of_tmr2_isr                   text46       007D8
__end_of_tmr2_reload                cinit        00228
__end_of_tmr2_starttimer            cinit        0022A
__end_of_util_decrease              cinit        005C3
__end_of_util_increase              cinit        005F7
__end_ofi1___bmul                   text47       00EDA
__end_ofi1_ir_get_index             text47       00E9F
__end_ofi1_led_get_power_state      cinit        0073F
__end_ofi1_led_get_state            text47       00EB3
__end_ofi1_led_set_decrease_bright  text47       00EF9
__end_ofi1_led_set_increase_bright  text47       00F2C
__end_ofi1_tmr1_writetimer          cinit        0074D
__end_ofi1_tmr2_enabled_isr         cinit        00750
__end_ofi1_util_decrease            text47       00F19
__end_ofi1_util_increase            text47       00F4C
__initialization                    cinit        0001C
__pbssBANK0                         bssBANK0     00020
__pbssBANK1                         bssBANK1     000A0
__pcstackBANK0                      cstackBANK0  0005E
__pcstackCOMMON                     cstackCOMMON 00070
__pdataBANK0                        dataBANK0    00045
__pdataBANK1                        dataBANK1    000D3
__pidataBANK0                       idataBANK0   00757
__pidataBANK1                       idataBANK1   007E3
__pintentry                         intentry     00004
__pmaintext                         cinit        00047
__pswtext1                          swtext1      007ED
__ptext1                            cinit        004DF
__ptext10                           cinit        00361
__ptext11                           cinit        00382
__ptext12                           cinit        004D3
__ptext13                           cinit        004B4
__ptext14                           cinit        004A8
__ptext15                           cinit        005C3
__ptext16                           cinit        005D6
__ptext17                           cinit        0058F
__ptext18                           cinit        005A2
__ptext19                           cinit        00483
__ptext2                            cinit        00567
__ptext20                           cinit        0055B
__ptext21                           cinit        0022A
__ptext22                           cinit        0028A
__ptext23                           cinit        0033F
__ptext24                           cinit        00482
__ptext25                           cinit        0058B
__ptext26                           cinit        00429
__ptext27                           cinit        00055
__ptext28                           cinit        00228
__ptext29                           cinit        00225
__ptext3                            cinit        0057D
__ptext30                           cinit        0020F
__ptext31                           cinit        0031B
__ptext32                           cinit        00201
__ptext33                           cinit        001FE
__ptext34                           cinit        001DD
__ptext35                           cinit        001DA
__ptext36                           cinit        001C0
__ptext37                           cinit        0019E
__ptext38                           cinit        0017B
__ptext39                           cinit        00135
__ptext4                            cinit        002A3
__ptext40                           cinit        00118
__ptext41                           cinit        00155
__ptext42                           cinit        000D8
__ptext43                           cinit        000C4
__ptext44                           cinit        000BE
__ptext46                           text46       007CD
__ptext47                           text47       00DC9
__ptext48                           text47       00F89
__ptext49                           text49       00770
__ptext5                            cinit        0033D
__ptext50                           text50       00784
__ptext51                           text51       00798
__ptext52                           text52       007AC
__ptext53                           text53       007C0
__ptext54                           text47       00F4C
__ptext55                           text47       00F80
__ptext56                           text47       00F77
__ptext57                           text47       00DD5
__ptext58                           text47       00F19
__ptext59                           text47       00F2C
__ptext6                            cinit        00328
__ptext60                           text47       00EE6
__ptext61                           text47       00EF9
__ptext62                           text47       00E9F
__ptext63                           text47       00E46
__ptext64                           text47       00EDA
__ptext65                           text47       00EB3
__ptext66                           text47       00ECE
__ptext67                           text67       007D8
__ptext68                           cinit        00646
__ptext69                           cinit        0074D
__ptext7                            cinit        0029A
__ptext70                           cinit        0073F
__ptext71                           cinit        0073E
__ptext72                           cinit        00750
__ptext73                           cinit        0072E
__ptext8                            cinit        0031E
__ptext9                            cinit        0034B
__size_of_ISR                       (abs)        00000
__size_of___bmul                    (abs)        00000
__size_of_app_init                  (abs)        00000
__size_of_eeprom_read_buffer        (abs)        00000
__size_of_eeprom_read_byte          (abs)        00000
__size_of_eeprom_write_buffer       (abs)        00000
__size_of_eeprom_write_byte         (abs)        00000
__size_of_gpio_set                  (abs)        00000
__size_of_gpio_set_intputpps        (abs)        00000
__size_of_gpio_set_outputpps        (abs)        00000
__size_of_ir_action                 (abs)        00000
__size_of_ir_decode                 (abs)        00000
__size_of_ir_get_index              (abs)        00000
__size_of_ir_long_action            (abs)        00000
__size_of_ir_short_action           (abs)        00000
__size_of_ir_tmr1_overflow_rest     (abs)        00000
__size_of_led_clear_state           (abs)        00000
__size_of_led_get_power_state       (abs)        00000
__size_of_led_get_state             (abs)        00000
__size_of_led_init                  (abs)        00000
__size_of_led_notice                (abs)        00000
__size_of_led_para_init             (abs)        00000
__size_of_led_ramp                  (abs)        00000
__size_of_led_run                   (abs)        00000
__size_of_led_save_para             (abs)        00000
__size_of_led_set_custom            (abs)        00000
__size_of_led_set_custom_bright     (abs)        00000
__size_of_led_set_decrease_bright   (abs)        00000
__size_of_led_set_increase_bright   (abs)        00000
__size_of_led_set_state             (abs)        00000
__size_of_led_setcolour             (abs)        00000
__size_of_led_startnotice           (abs)        00000
__size_of_led_toggle                (abs)        00000
__size_of_led_turnoff_direct        (abs)        00000
__size_of_led_turnoff_ramp          (abs)        00000
__size_of_led_turnon_direct         (abs)        00000
__size_of_led_turnon_ramp           (abs)        00000
__size_of_main                      (abs)        00000
__size_of_osc_init                  (abs)        00000
__size_of_pwm1_init                 (abs)        00000
__size_of_pwm1_load_duty            (abs)        00000
__size_of_pwm2_init                 (abs)        00000
__size_of_pwm2_load_duty            (abs)        00000
__size_of_pwm3_init                 (abs)        00000
__size_of_pwm3_load_duty            (abs)        00000
__size_of_pwm4_init                 (abs)        00000
__size_of_pwm4_load_duty            (abs)        00000
__size_of_pwm5_init                 (abs)        00000
__size_of_pwm5_load_duty            (abs)        00000
__size_of_tmr1_gate_enabled_isr     (abs)        00000
__size_of_tmr1_gate_isr             (abs)        00000
__size_of_tmr1_init                 (abs)        00000
__size_of_tmr1_readtimer            (abs)        00000
__size_of_tmr1_starttimer           (abs)        00000
__size_of_tmr1_stoptimer            (abs)        00000
__size_of_tmr1_writetimer           (abs)        00000
__size_of_tmr2_disabled_isr         (abs)        00000
__size_of_tmr2_enabled_isr          (abs)        00000
__size_of_tmr2_init                 (abs)        00000
__size_of_tmr2_isr                  (abs)        00000
__size_of_tmr2_reload               (abs)        00000
__size_of_tmr2_starttimer           (abs)        00000
__size_of_util_decrease             (abs)        00000
__size_of_util_increase             (abs)        00000
__size_ofi1___bmul                  (abs)        00000
__size_ofi1_ir_get_index            (abs)        00000
__size_ofi1_led_get_power_state     (abs)        00000
__size_ofi1_led_get_state           (abs)        00000
__size_ofi1_led_set_decrease_bright (abs)        00000
__size_ofi1_led_set_increase_bright (abs)        00000
__size_ofi1_tmr1_writetimer         (abs)        00000
__size_ofi1_tmr2_enabled_isr        (abs)        00000
__size_ofi1_util_decrease           (abs)        00000
__size_ofi1_util_increase           (abs)        00000
_app_init                           cinit        00055
_eeprom_read_buffer                 cinit        00567
_eeprom_read_byte                   cinit        0057D
_eeprom_write_buffer                cinit        0034B
_eeprom_write_byte                  cinit        00361
_gpio_set                           cinit        000D8
_gpio_set_intputpps                 cinit        000BE
_gpio_set_outputpps                 cinit        00155
_ir_action                          cinit        0029A
_ir_decode                          cinit        00646
_ir_get_index                       cinit        00429
_ir_long_action                     text47       00DD5
_ir_short_action                    cinit        00382
_ir_tmr1_overflow_rest              cinit        002A3
_led_clear_state                    cinit        0058B
_led_get_power_state                cinit        00482
_led_get_state                      cinit        00328
_led_init                           cinit        0022A
_led_load_duty                      dataBANK1    000D3
_led_notice                         text47       00F4C
_led_para_init                      cinit        004DF
_led_ramp                           text47       00F89
_led_run                            text47       00DC9
_led_save_para                      cinit        0031E
_led_set_custom                     text47       00EB3
_led_set_custom_bright              cinit        00483
_led_set_decrease_bright            cinit        0058F
_led_set_increase_bright            cinit        005C3
_led_set_state                      cinit        004A8
_led_setcolour                      cinit        004B4
_led_startnotice                    text47       00EDA
_led_toggle                         cinit        004D3
_led_turnoff_direct                 text47       00F77
_led_turnoff_ramp                   cinit        0033F
_led_turnon_direct                  text47       00F80
_led_turnon_ramp                    cinit        0028A
_m_ir_state                         bssBANK0     0003B
_m_led_para                         bssBANK1     000A0
_m_led_run_para                     bssBANK0     00020
_main                               cinit        00047
_max_bright                         dataBANK0    0004F
_osc_init                           cinit        000C4
_pwm1_init                          cinit        00118
_pwm1_load_duty                     text52       007AC
_pwm2_init                          cinit        00135
_pwm2_load_duty                     text51       00798
_pwm3_init                          cinit        0017B
_pwm3_load_duty                     text50       00784
_pwm4_init                          cinit        0019E
_pwm4_load_duty                     text49       00770
_pwm5_init                          cinit        001C0
_pwm5_load_duty                     text53       007C0
_step_bright                        dataBANK0    00059
_tmr1_gate_enabled_isr              cinit        001DA
_tmr1_gate_isr                      text67       007D8
_tmr1_gate_isr_cb                   bssBANK0     0003F
_tmr1_init                          cinit        001DD
_tmr1_readtimer                     cinit        0072E
_tmr1_starttimer                    cinit        001FE
_tmr1_stoptimer                     cinit        0033D
_tmr1_writetimer                    cinit        00201
_tmr2_disabled_isr                  cinit        00750
_tmr2_enabled_isr                   cinit        0031B
_tmr2_init                          cinit        0020F
_tmr2_isr                           text46       007CD
_tmr2_isr_cb                        bssBANK0     0003D
_tmr2_reload                        cinit        00225
_tmr2_starttimer                    cinit        00228
_util_decrease                      cinit        005A2
_util_increase                      cinit        005D6
app_led@max_bright                  dataBANK0    00045
btemp                               (abs)        0007E
clear_ram0                          clrtext      00DC3
eeprom_read_buffer@addr             cstackBANK0  00060
eeprom_read_buffer@i                cstackBANK0  00064
eeprom_read_buffer@len              cstackBANK0  00063
eeprom_read_buffer@pbuf             cstackBANK0  00062
eeprom_read_byte@addr               cstackBANK0  0005E
eeprom_write_buffer@addr            cstackBANK0  00062
eeprom_write_buffer@i               cstackBANK0  00066
eeprom_write_buffer@len             cstackBANK0  00065
eeprom_write_buffer@pbuf            cstackBANK0  00064
eeprom_write_byte@addr              cstackBANK0  0005E
eeprom_write_byte@byte              cstackBANK0  00060
eeprom_write_byte@state             cstackBANK0  00061
end_of_initialization               cinit        00044
gpio_set@mask                       cstackBANK0  00063
gpio_set@offset                     cstackBANK0  00062
gpio_set@pin                        cstackBANK0  0005E
gpio_set@port                       cstackBANK0  00061
gpio_set@state                      cstackBANK0  0005F
gpio_set_intputpps@pin              cstackBANK0  0005E
gpio_set_intputpps@port             cstackBANK0  0005F
gpio_set_outputpps@outputpps        cstackBANK0  0005F
gpio_set_outputpps@pin              cstackBANK0  0005E
gpio_set_outputpps@port             cstackBANK0  00066
i1___bmul                           text47       00ECE
i1___bmul@multiplicand              cstackCOMMON 00070
i1___bmul@multiplier                cstackCOMMON 00071
i1___bmul@product                   cstackCOMMON 00072
i1_ir_get_index                     text47       00E46
i1_led_get_power_state              cinit        0073E
i1_led_get_state                    text47       00E9F
i1_led_set_decrease_bright          text47       00EE6
i1_led_set_increase_bright          text47       00F19
i1_tmr1_writetimer                  cinit        0073F
i1_tmr2_enabled_isr                 cinit        0074D
i1_util_decrease                    text47       00EF9
i1_util_increase                    text47       00F2C
i1ir_get_index@index                cstackCOMMON 00071
i1ir_get_index@keynum               cstackCOMMON 00070
i1led_set_decrease_bright@chn       cstackCOMMON 0007B
i1led_set_decrease_bright@min       cstackCOMMON 00079
i1led_set_decrease_bright@step      cstackCOMMON 00078
i1led_set_increase_bright@chn       cstackCOMMON 0007B
i1led_set_increase_bright@max       cstackCOMMON 00079
i1led_set_increase_bright@step      cstackCOMMON 00078
i1tmr1_writetimer@value             cstackCOMMON 00070
i1util_decrease@min                 cstackCOMMON 00071
i1util_decrease@src                 cstackCOMMON 00077
i1util_decrease@step                cstackCOMMON 00070
i1util_increase@max                 cstackCOMMON 00071
i1util_increase@src                 cstackCOMMON 00077
i1util_increase@step                cstackCOMMON 00070
init_ram                            inittext     007F7
int$flags                           (abs)        0007E
intlevel0                           functab      00000
intlevel1                           functab      00000
intlevel2                           functab      00000
intlevel3                           functab      00000
intlevel4                           functab      00000
intlevel5                           functab      00000
ir_decode@codeVal                   bssBANK0     00039
ir_decode@hVal                      cstackCOMMON 0007C
ir_decode@keyNum                    cstackCOMMON 0007B
ir_decode@nBit                      bssBANK0     00043
ir_decode@reKeyNum                  cstackCOMMON 0007A
ir_decode@rptCnt                    bssBANK0     00042
ir_get_index@index                  cstackBANK0  0005F
ir_get_index@keynum                 cstackBANK0  0005E
ir_long_action@cnt                  bssBANK0     00037
ir_long_action@idx                  cstackCOMMON 0007C
ir_short_action@idx                 cstackBANK0  0006B
led_notice@cnt                      bssBANK0     00035
led_para_init@i                     cstackBANK0  0006D
led_para_init@i_1144                cstackBANK0  0006C
led_para_init@j                     cstackBANK0  0006E
led_ramp@i                          cstackCOMMON 0007A
led_run@cnt                         bssBANK0     00041
led_set_custom@chn                  cstackCOMMON 00076
led_set_custom@i                    cstackCOMMON 00077
led_set_custom_bright@chn           cstackBANK0  00064
led_set_custom_bright@i             cstackBANK0  00065
led_set_decrease_bright@chn         cstackBANK0  00069
led_set_decrease_bright@min         cstackBANK0  00067
led_set_decrease_bright@step        cstackBANK0  00066
led_set_increase_bright@chn         cstackBANK0  00069
led_set_increase_bright@max         cstackBANK0  00067
led_set_increase_bright@step        cstackBANK0  00066
led_set_state@idx                   cstackBANK0  0005F
led_setcolour@chn                   cstackBANK0  00060
led_setcolour@i                     cstackBANK0  00061
led_setcolour@max                   cstackBANK0  0005E
led_startnotice@cnt                 cstackCOMMON 00071
led_turnoff_ramp@i                  cstackBANK0  0005E
led_turnon_ramp@i                   cstackBANK0  0005E
pwm1_init@pin                       cstackBANK0  00067
pwm1_init@port                      cstackBANK0  00069
pwm1_init@src                       cstackBANK0  00068
pwm1_load_duty@duty                 cstackCOMMON 00070
pwm2_init@pin                       cstackBANK0  00067
pwm2_init@port                      cstackBANK0  0006A
pwm2_init@src                       cstackBANK0  00068
pwm2_load_duty@duty                 cstackCOMMON 00070
pwm3_init@pin                       cstackBANK0  00067
pwm3_init@port                      cstackBANK0  0006A
pwm3_init@src                       cstackBANK0  00068
pwm3_load_duty@duty                 cstackCOMMON 00070
pwm4_init@pin                       cstackBANK0  00067
pwm4_init@port                      cstackBANK0  0006A
pwm4_init@src                       cstackBANK0  00068
pwm4_load_duty@duty                 cstackCOMMON 00070
pwm5_init@pin                       cstackBANK0  00067
pwm5_init@port                      cstackBANK0  00069
pwm5_init@src                       cstackBANK0  00068
pwm5_load_duty@duty                 cstackCOMMON 00070
reset_vec                           reset_vec    00000
stackhi                             (abs)        023EF
stacklo                             (abs)        0208D
start                               init         0001A
start_initialization                cinit        0001C
tmr1_init@cb                        cstackBANK0  00060
tmr1_init@ckps                      cstackBANK0  0005E
tmr1_init@cs                        cstackBANK0  00063
tmr1_init@src                       cstackBANK0  0005F
tmr1_readtimer@readVal              cstackCOMMON 00072
tmr1_readtimer@readValHigh          cstackCOMMON 00074
tmr1_readtimer@readValLow           cstackCOMMON 00075
tmr1_writetimer@value               cstackBANK0  0005E
tmr2_init@cb                        cstackBANK0  0005F
tmr2_init@ckps                      cstackBANK0  00062
tmr2_init@outps                     cstackBANK0  0005E
tmr2_reload@value                   cstackBANK0  0005E
util_decrease@min                   cstackBANK0  0005F
util_decrease@src                   cstackBANK0  00065
util_decrease@step                  cstackBANK0  0005E
util_increase@max                   cstackBANK0  0005F
util_increase@src                   cstackBANK0  00065
util_increase@step                  cstackBANK0  0005E
wtemp0                              (abs)        0007E


FUNCTION INFORMATION:

 *************** function _main *****************
 Defined at:
		line 42 in file "src/app_main.c"
 Parameters:    Size  Location     Type
		None
 Auto vars:     Size  Location     Type
		None
 Return value:  Size  Location     Type
                  1    wreg      void 
 Registers used:
		wreg, fsr0l, fsr0h, fsr1l, fsr1h, status,2, status,0, pclath, cstack
 Tracked objects:
		On entry : 
		On exit  : 
		Unchanged: 
 Data sizes:     COMMON   BANK0   BANK1   BANK2   BANK3   BANK4   BANK5   BANK6   BANK7   BANK8   BANK9  BANK10  BANK11  BANK12
      Params:         0       0       0       0       0       0       0       0       0       0       0       0       0       0
      Locals:         0       0       0       0       0       0       0       0       0       0       0       0       0       0
      Temps:          0       0       0       0       0       0       0       0       0       0       0       0       0       0
      Totals:         0       0       0       0       0       0       0       0       0       0       0       0       0       0
Total ram usage:        0 bytes
 Hardware stack levels required when called:   10
 This function calls:
		_app_init
		_ir_action
		_ir_tmr1_overflow_rest
		_led_init
		_led_para_init
 This function is called by:
		Startup code after reset
 This function uses a non-reentrant model


 *************** function _led_para_init *****************
 Defined at:
		line 45 in file "src/app_led.c"
 Parameters:    Size  Location     Type
		None
 Auto vars:     Size  Location     Type
  j               1   16[BANK0 ] unsigned char 
  i               1   14[BANK0 ] unsigned char 
  i               1   15[BANK0 ] unsigned char 
 Return value:  Size  Location     Type
                  1    wreg      void 
 Registers used:
		wreg, fsr0l, fsr0h, fsr1l, fsr1h, status,2, status,0, pclath, cstack
 Tracked objects:
		On entry : 
		On exit  : 
		Unchanged: 
 Data sizes:     COMMON   BANK0   BANK1   BANK2   BANK3   BANK4   BANK5   BANK6   BANK7   BANK8   BANK9  BANK10  BANK11  BANK12
      Params:         0       0       0       0       0       0       0       0       0       0       0       0       0       0
      Locals:         0       3       0       0       0       0       0       0       0       0       0       0       0       0
      Temps:          0       7       0       0       0       0       0       0       0       0       0       0       0       0
      Totals:         0      10       0       0       0       0       0       0       0       0       0       0       0       0
Total ram usage:       10 bytes
 Hardware stack levels used:    1
 Hardware stack levels required when called:    8
 This function calls:
		___bmul
		_eeprom_read_buffer
 This function is called by:
		_main
 This function uses a non-reentrant model


 *************** function _eeprom_read_buffer *****************
 Defined at:
		line 39 in file "src/drv_eeprom.c"
 Parameters:    Size  Location     Type
  addr            2    2[BANK0 ] unsigned int 
  pbuf            1    4[BANK0 ] PTR unsigned char 
		 -> m_led_para(51), 
  len             1    5[BANK0 ] unsigned char 
 Auto vars:     Size  Location     Type
  i               1    6[BANK0 ] unsigned char 
 Return value:  Size  Location     Type
                  1    wreg      void 
 Registers used:
		wreg, fsr1l, fsr1h, status,2, status,0, pclath, cstack
 Tracked objects:
		On entry : 
		On exit  : 
		Unchanged: 
 Data sizes:     COMMON   BANK0   BANK1   BANK2   BANK3   BANK4   BANK5   BANK6   BANK7   BANK8   BANK9  BANK10  BANK11  BANK12
      Params:         0       4       0       0       0       0       0       0       0       0       0       0       0       0
      Locals:         0       1       0       0       0       0       0       0       0       0       0       0       0       0
      Temps:          0       0       0       0       0       0       0       0       0       0       0       0       0       0
      Totals:         0       5       0       0       0       0       0       0       0       0       0       0       0       0
Total ram usage:        5 bytes
 Hardware stack levels used:    1
 Hardware stack levels required when called:    7
 This function calls:
		_eeprom_read_byte
 This function is called by:
		_led_para_init
 This function uses a non-reentrant model


 *************** function _eeprom_read_byte *****************
 Defined at:
		line 22 in file "src/drv_eeprom.c"
 Parameters:    Size  Location     Type
  addr            2    0[BANK0 ] unsigned int 
 Auto vars:     Size  Location     Type
		None
 Return value:  Size  Location     Type
                  1    wreg      unsigned char 
 Registers used:
		wreg
 Tracked objects:
		On entry : 
		On exit  : 
		Unchanged: 
 Data sizes:     COMMON   BANK0   BANK1   BANK2   BANK3   BANK4   BANK5   BANK6   BANK7   BANK8   BANK9  BANK10  BANK11  BANK12
      Params:         0       2       0       0       0       0       0       0       0       0       0       0       0       0
      Locals:         0       0       0       0       0       0       0       0       0       0       0       0       0       0
      Temps:          0       0       0       0       0       0       0       0       0       0       0       0       0       0
      Totals:         0       2       0       0       0       0       0       0       0       0       0       0       0       0
Total ram usage:        2 bytes
 Hardware stack levels used:    1
 Hardware stack levels required when called:    6
 This function calls:
		Nothing
 This function is called by:
		_eeprom_read_buffer
 This function uses a non-reentrant model


 *************** function _ir_tmr1_overflow_rest *****************
 Defined at:
		line 82 in file "src/app_ir.c"
 Parameters:    Size  Location     Type
		None
 Auto vars:     Size  Location     Type
		None
 Return value:  Size  Location     Type
                  1    wreg      void 
 Registers used:
		wreg, fsr0l, fsr0h, fsr1l, fsr1h, status,2, status,0, pclath, cstack
 Tracked objects:
		On entry : 
		On exit  : 
		Unchanged: 
 Data sizes:     COMMON   BANK0   BANK1   BANK2   BANK3   BANK4   BANK5   BANK6   BANK7   BANK8   BANK9  BANK10  BANK11  BANK12
      Params:         0       0       0       0       0       0       0       0       0       0       0       0       0       0
      Locals:         0       0       0       0       0       0       0       0       0       0       0       0       0       0
      Temps:          0       0       0       0       0       0       0       0       0       0       0       0       0       0
      Totals:         0       0       0       0       0       0       0       0       0       0       0       0       0       0
Total ram usage:        0 bytes
 Hardware stack levels used:    1
 Hardware stack levels required when called:    9
 This function calls:
		_led_get_state
		_led_save_para
		_tmr1_starttimer
		_tmr1_stoptimer
		_tmr1_writetimer
		_tmr2_enabled_isr
 This function is called by:
		_main
 This function uses a non-reentrant model


 *************** function _tmr1_stoptimer *****************
 Defined at:
		line 106 in file "src/drv_tmr1xx.c"
 Parameters:    Size  Location     Type
		None
 Auto vars:     Size  Location     Type
		None
 Return value:  Size  Location     Type
                  1    wreg      void 
 Registers used:
		None
 Tracked objects:
		On entry : 
		On exit  : 
		Unchanged: 
 Data sizes:     COMMON   BANK0   BANK1   BANK2   BANK3   BANK4   BANK5   BANK6   BANK7   BANK8   BANK9  BANK10  BANK11  BANK12
      Params:         0       0       0       0       0       0       0       0       0       0       0       0       0       0
      Locals:         0       0       0       0       0       0       0       0       0       0       0       0       0       0
      Temps:          0       0       0       0       0       0       0       0       0       0       0       0       0       0
      Totals:         0       0       0       0       0       0       0       0       0       0       0       0       0       0
Total ram usage:        0 bytes
 Hardware stack levels used:    1
 Hardware stack levels required when called:    6
 This function calls:
		Nothing
 This function is called by:
		_ir_tmr1_overflow_rest
 This function uses a non-reentrant model


 *************** function _led_get_state *****************
 Defined at:
		line 119 in file "src/app_led.c"
 Parameters:    Size  Location     Type
		None
 Auto vars:     Size  Location     Type
		None
 Return value:  Size  Location     Type
                  1    wreg      unsigned char 
 Registers used:
		wreg, status,2, status,0
 Tracked objects:
		On entry : 
		On exit  : 
		Unchanged: 
 Data sizes:     COMMON   BANK0   BANK1   BANK2   BANK3   BANK4   BANK5   BANK6   BANK7   BANK8   BANK9  BANK10  BANK11  BANK12
      Params:         0       0       0       0       0       0       0       0       0       0       0       0       0       0
      Locals:         0       0       0       0       0       0       0       0       0       0       0       0       0       0
      Temps:          0       0       0       0       0       0       0       0       0       0       0       0       0       0
      Totals:         0       0       0       0       0       0       0       0       0       0       0       0       0       0
Total ram usage:        0 bytes
 Hardware stack levels used:    1
 Hardware stack levels required when called:    6
 This function calls:
		Nothing
 This function is called by:
		_ir_tmr1_overflow_rest
 This function uses a non-reentrant model


 *************** function _ir_action *****************
 Defined at:
		line 336 in file "src/app_ir.c"
 Parameters:    Size  Location     Type
		None
 Auto vars:     Size  Location     Type
		None
 Return value:  Size  Location     Type
                  1    wreg      void 
 Registers used:
		wreg, fsr0l, fsr0h, fsr1l, fsr1h, status,2, status,0, pclath, cstack
 Tracked objects:
		On entry : 
		On exit  : 
		Unchanged: 
 Data sizes:     COMMON   BANK0   BANK1   BANK2   BANK3   BANK4   BANK5   BANK6   BANK7   BANK8   BANK9  BANK10  BANK11  BANK12
      Params:         0       0       0       0       0       0       0       0       0       0       0       0       0       0
      Locals:         0       0       0       0       0       0       0       0       0       0       0       0       0       0
      Temps:          0       0       0       0       0       0       0       0       0       0       0       0       0       0
      Totals:         0       0       0       0       0       0       0       0       0       0       0       0       0       0
Total ram usage:        0 bytes
 Hardware stack levels used:    1
 Hardware stack levels required when called:    9
 This function calls:
		_ir_short_action
		_led_save_para
 This function is called by:
		_main
 This function uses a non-reentrant model


 *************** function _led_save_para *****************
 Defined at:
		line 107 in file "src/app_led.c"
 Parameters:    Size  Location     Type
		None
 Auto vars:     Size  Location     Type
		None
 Return value:  Size  Location     Type
                  1    wreg      void 
 Registers used:
		wreg, fsr1l, fsr1h, status,2, status,0, pclath, cstack
 Tracked objects:
		On entry : 
		On exit  : 
		Unchanged: 
 Data sizes:     COMMON   BANK0   BANK1   BANK2   BANK3   BANK4   BANK5   BANK6   BANK7   BANK8   BANK9  BANK10  BANK11  BANK12
      Params:         0       0       0       0       0       0       0       0       0       0       0       0       0       0
      Locals:         0       0       0       0       0       0       0       0       0       0       0       0       0       0
      Temps:          0       0       0       0       0       0       0       0       0       0       0       0       0       0
      Totals:         0       0       0       0       0       0       0       0       0       0       0       0       0       0
Total ram usage:        0 bytes
 Hardware stack levels used:    1
 Hardware stack levels required when called:    8
 This function calls:
		_eeprom_write_buffer
 This function is called by:
		_ir_tmr1_overflow_rest
		_ir_action
 This function uses a non-reentrant model


 *************** function _eeprom_write_buffer *****************
 Defined at:
		line 33 in file "src/drv_eeprom.c"
 Parameters:    Size  Location     Type
  addr            2    4[BANK0 ] unsigned int 
  pbuf            1    6[BANK0 ] PTR unsigned char 
		 -> m_led_para(51), 
  len             1    7[BANK0 ] unsigned char 
 Auto vars:     Size  Location     Type
  i               1    8[BANK0 ] unsigned char 
 Return value:  Size  Location     Type
                  1    wreg      void 
 Registers used:
		wreg, fsr1l, fsr1h, status,2, status,0, pclath, cstack
 Tracked objects:
		On entry : 
		On exit  : 
		Unchanged: 
 Data sizes:     COMMON   BANK0   BANK1   BANK2   BANK3   BANK4   BANK5   BANK6   BANK7   BANK8   BANK9  BANK10  BANK11  BANK12
      Params:         0       4       0       0       0       0       0       0       0       0       0       0       0       0
      Locals:         0       1       0       0       0       0       0       0       0       0       0       0       0       0
      Temps:          0       0       0       0       0       0       0       0       0       0       0       0       0       0
      Totals:         0       5       0       0       0       0       0       0       0       0       0       0       0       0
Total ram usage:        5 bytes
 Hardware stack levels used:    1
 Hardware stack levels required when called:    7
 This function calls:
		_eeprom_write_byte
 This function is called by:
		_led_save_para
 This function uses a non-reentrant model


 *************** function _eeprom_write_byte *****************
 Defined at:
		line 3 in file "src/drv_eeprom.c"
 Parameters:    Size  Location     Type
  addr            2    0[BANK0 ] unsigned int 
  byte            1    2[BANK0 ] unsigned char 
 Auto vars:     Size  Location     Type
  state           1    3[BANK0 ] unsigned char 
 Return value:  Size  Location     Type
                  1    wreg      void 
 Registers used:
		wreg, status,2, status,0
 Tracked objects:
		On entry : 
		On exit  : 
		Unchanged: 
 Data sizes:     COMMON   BANK0   BANK1   BANK2   BANK3   BANK4   BANK5   BANK6   BANK7   BANK8   BANK9  BANK10  BANK11  BANK12
      Params:         0       3       0       0       0       0       0       0       0       0       0       0       0       0
      Locals:         0       1       0       0       0       0       0       0       0       0       0       0       0       0
      Temps:          0       0       0       0       0       0       0       0       0       0       0       0       0       0
      Totals:         0       4       0       0       0       0       0       0       0       0       0       0       0       0
Total ram usage:        4 bytes
 Hardware stack levels used:    1
 Hardware stack levels required when called:    6
 This function calls:
		Nothing
 This function is called by:
		_eeprom_write_buffer
 This function uses a non-reentrant model


 *************** function _ir_short_action *****************
 Defined at:
		line 273 in file "src/app_ir.c"
 Parameters:    Size  Location     Type
		None
 Auto vars:     Size  Location     Type
  idx             1   13[BANK0 ] unsigned char 
 Return value:  Size  Location     Type
                  1    wreg      void 
 Registers used:
		wreg, fsr0l, fsr0h, fsr1l, fsr1h, status,2, status,0, pclath, cstack
 Tracked objects:
		On entry : 
		On exit  : 
		Unchanged: 
 Data sizes:     COMMON   BANK0   BANK1   BANK2   BANK3   BANK4   BANK5   BANK6   BANK7   BANK8   BANK9  BANK10  BANK11  BANK12
      Params:         0       0       0       0       0       0       0       0       0       0       0       0       0       0
      Locals:         0       1       0       0       0       0       0       0       0       0       0       0       0       0
      Temps:          0       1       0       0       0       0       0       0       0       0       0       0       0       0
      Totals:         0       2       0       0       0       0       0       0       0       0       0       0       0       0
Total ram usage:        2 bytes
 Hardware stack levels used:    1
 Hardware stack levels required when called:    8
 This function calls:
		_ir_get_index
		_led_clear_state
		_led_get_power_state
		_led_init
		_led_set_custom_bright
		_led_set_decrease_bright
		_led_set_increase_bright
		_led_set_state
		_led_setcolour
		_led_toggle
 This function is called by:
		_ir_action
 This function uses a non-reentrant model


 *************** function _led_toggle *****************
 Defined at:
		line 131 in file "src/app_led.c"
 Parameters:    Size  Location     Type
		None
 Auto vars:     Size  Location     Type
		None
 Return value:  Size  Location     Type
                  1    wreg      void 
 Registers used:
		status,0
 Tracked objects:
		On entry : 
		On exit  : 
		Unchanged: 
 Data sizes:     COMMON   BANK0   BANK1   BANK2   BANK3   BANK4   BANK5   BANK6   BANK7   BANK8   BANK9  BANK10  BANK11  BANK12
      Params:         0       0       0       0       0       0       0       0       0       0       0       0       0       0
      Locals:         0       0       0       0       0       0       0       0       0       0       0       0       0       0
      Temps:          0       0       0       0       0       0       0       0       0       0       0       0       0       0
      Totals:         0       0       0       0       0       0       0       0       0       0       0       0       0       0
Total ram usage:        0 bytes
 Hardware stack levels used:    1
 Hardware stack levels required when called:    6
 This function calls:
		Nothing
 This function is called by:
		_ir_short_action
 This function uses a non-reentrant model


 *************** function _led_setcolour *****************
 Defined at:
		line 135 in file "src/app_led.c"
 Parameters:    Size  Location     Type
  chn             1    wreg     unsigned char 
  max             2    0[BANK0 ] unsigned int 
 Auto vars:     Size  Location     Type
  chn             1    2[BANK0 ] unsigned char 
  i               1    3[BANK0 ] unsigned char 
 Return value:  Size  Location     Type
                  1    wreg      void 
 Registers used:
		wreg, fsr0l, fsr0h, fsr1l, fsr1h, status,2, status,0
 Tracked objects:
		On entry : 
		On exit  : 
		Unchanged: 
 Data sizes:     COMMON   BANK0   BANK1   BANK2   BANK3   BANK4   BANK5   BANK6   BANK7   BANK8   BANK9  BANK10  BANK11  BANK12
      Params:         0       2       0       0       0       0       0       0       0       0       0       0       0       0
      Locals:         0       2       0       0       0       0       0       0       0       0       0       0       0       0
      Temps:          0       0       0       0       0       0       0       0       0       0       0       0       0       0
      Totals:         0       4       0       0       0       0       0       0       0       0       0       0       0       0
Total ram usage:        4 bytes
 Hardware stack levels used:    1
 Hardware stack levels required when called:    6
 This function calls:
		Nothing
 This function is called by:
		_ir_short_action
 This function uses a non-reentrant model


 *************** function _led_set_state *****************
 Defined at:
		line 111 in file "src/app_led.c"
 Parameters:    Size  Location     Type
  idx             1    wreg     unsigned char 
 Auto vars:     Size  Location     Type
  idx             1    1[BANK0 ] unsigned char 
 Return value:  Size  Location     Type
                  1    wreg      void 
 Registers used:
		wreg, status,2, status,0
 Tracked objects:
		On entry : 
		On exit  : 
		Unchanged: 
 Data sizes:     COMMON   BANK0   BANK1   BANK2   BANK3   BANK4   BANK5   BANK6   BANK7   BANK8   BANK9  BANK10  BANK11  BANK12
      Params:         0       0       0       0       0       0       0       0       0       0       0       0       0       0
      Locals:         0       1       0       0       0       0       0       0       0       0       0       0       0       0
      Temps:          0       1       0       0       0       0       0       0       0       0       0       0       0       0
      Totals:         0       2       0       0       0       0       0       0       0       0       0       0       0       0
Total ram usage:        2 bytes
 Hardware stack levels used:    1
 Hardware stack levels required when called:    6
 This function calls:
		Nothing
 This function is called by:
		_ir_short_action
 This function uses a non-reentrant model


 *************** function _led_set_increase_bright *****************
 Defined at:
		line 144 in file "src/app_led.c"
 Parameters:    Size  Location     Type
  chn             1    wreg     unsigned char 
  step            1    8[BANK0 ] unsigned char 
  max             2    9[BANK0 ] unsigned int 
 Auto vars:     Size  Location     Type
  chn             1   11[BANK0 ] unsigned char 
 Return value:  Size  Location     Type
                  1    wreg      void 
 Registers used:
		wreg, fsr0l, fsr0h, fsr1l, fsr1h, status,2, status,0, pclath, cstack
 Tracked objects:
		On entry : 
		On exit  : 
		Unchanged: 
 Data sizes:     COMMON   BANK0   BANK1   BANK2   BANK3   BANK4   BANK5   BANK6   BANK7   BANK8   BANK9  BANK10  BANK11  BANK12
      Params:         0       3       0       0       0       0       0       0       0       0       0       0       0       0
      Locals:         0       1       0       0       0       0       0       0       0       0       0       0       0       0
      Temps:          0       0       0       0       0       0       0       0       0       0       0       0       0       0
      Totals:         0       4       0       0       0       0       0       0       0       0       0       0       0       0
Total ram usage:        4 bytes
 Hardware stack levels used:    1
 Hardware stack levels required when called:    7
 This function calls:
		_util_increase
 This function is called by:
		_ir_short_action
 This function uses a non-reentrant model


 *************** function _util_increase *****************
 Defined at:
		line 3 in file "src/app_util.c"
 Parameters:    Size  Location     Type
  src             1    wreg     PTR unsigned int 
		 -> m_led_para.mBright(10), m_led_para(51), 
  step            1    0[BANK0 ] unsigned char 
  max             2    1[BANK0 ] unsigned int 
 Auto vars:     Size  Location     Type
  src             1    7[BANK0 ] PTR unsigned int 
		 -> m_led_para.mBright(10), m_led_para(51), 
 Return value:  Size  Location     Type
                  1    wreg      void 
 Registers used:
		wreg, fsr1l, fsr1h, status,2, status,0
 Tracked objects:
		On entry : 
		On exit  : 
		Unchanged: 
[...]
 This function calls:
		Nothing
 This function is called by:
		_ir_long_action
 This function uses a non-reentrant model


 *************** function i1_ir_get_index *****************
 Defined at:
		line 39 in file "src/app_ir.c"
 Parameters:    Size  Location     Type
  keynum          1    wreg     unsigned char 
 Auto vars:     Size  Location     Type
  keynum          1    0[COMMON] unsigned char 
  ir_get_index    1    1[COMMON] unsigned char 
 Return value:  Size  Location     Type
                  1    wreg      unsigned char 
 Registers used:
		wreg, fsr0l, fsr0h, status,2, status,0
 Tracked objects:
		On entry : 
		On exit  : 
		Unchanged: 
 Data sizes:     COMMON   BANK0   BANK1   BANK2   BANK3   BANK4   BANK5   BANK6   BANK7   BANK8   BANK9  BANK10  BANK11  BANK12
      Params:         0       0       0       0       0       0       0       0       0       0       0       0       0       0
      Locals:         2       0       0       0       0       0       0       0       0       0       0       0       0       0
      Temps:          0       0       0       0       0       0       0       0       0       0       0       0       0       0
      Totals:         2       0       0       0       0       0       0       0       0       0       0       0       0       0
Total ram usage:        2 bytes
 Hardware stack levels used:    1
 This function calls:
		Nothing
 This function is called by:
		_ir_long_action
 This function uses a non-reentrant model


 *************** function _led_startnotice *****************
 Defined at:
		line 167 in file "src/app_led.c"
 Parameters:    Size  Location     Type
  cnt             1    wreg     unsigned char 
 Auto vars:     Size  Location     Type
  cnt             1    1[COMMON] unsigned char 
 Return value:  Size  Location     Type
                  1    wreg      void 
 Registers used:
		wreg, status,2, status,0
 Tracked objects:
		On entry : 
		On exit  : 
		Unchanged: 
 Data sizes:     COMMON   BANK0   BANK1   BANK2   BANK3   BANK4   BANK5   BANK6   BANK7   BANK8   BANK9  BANK10  BANK11  BANK12
      Params:         0       0       0       0       0       0       0       0       0       0       0       0       0       0
      Locals:         1       0       0       0       0       0       0       0       0       0       0       0       0       0
      Temps:          1       0       0       0       0       0       0       0       0       0       0       0       0       0
      Totals:         2       0       0       0       0       0       0       0       0       0       0       0       0       0
Total ram usage:        2 bytes
 Hardware stack levels used:    1
 This function calls:
		Nothing
 This function is called by:
		_ir_long_action
 This function uses a non-reentrant model


 *************** function _led_set_custom *****************
 Defined at:
		line 161 in file "src/app_led.c"
 Parameters:    Size  Location     Type
  chn             1    wreg     unsigned char 
 Auto vars:     Size  Location     Type
  chn             1    6[COMMON] unsigned char 
  i               1    7[COMMON] unsigned char 
 Return value:  Size  Location     Type
                  1    wreg      void 
 Registers used:
		wreg, fsr0l, fsr0h, fsr1l, fsr1h, status,2, status,0, pclath, cstack
 Tracked objects:
		On entry : 
		On exit  : 
		Unchanged: 
 Data sizes:     COMMON   BANK0   BANK1   BANK2   BANK3   BANK4   BANK5   BANK6   BANK7   BANK8   BANK9  BANK10  BANK11  BANK12
      Params:         0       0       0       0       0       0       0       0       0       0       0       0       0       0
      Locals:         2       0       0       0       0       0       0       0       0       0       0       0       0       0
      Temps:          3       0       0       0       0       0       0       0       0       0       0       0       0       0
      Totals:         5       0       0       0       0       0       0       0       0       0       0       0       0       0
Total ram usage:        5 bytes
 Hardware stack levels used:    1
 Hardware stack levels required when called:    1
 This function calls:
		i1___bmul
 This function is called by:
		_ir_long_action
 This function uses a non-reentrant model


 *************** function i1___bmul *****************
 Defined at:
		line 4 in file "D:\Program Files\Microchip\xc8\v1.44\sources\common\Umul8.c"
 Parameters:    Size  Location     Type
  multiplier      1    wreg     unsigned char 
  multiplicand    1    0[COMMON] unsigned char 
 Auto vars:     Size  Location     Type
  multiplier      1    1[COMMON] unsigned char 
  __bmul          1    2[COMMON] unsigned char 
 Return value:  Size  Location     Type
                  1    wreg      unsigned char 
 Registers used:
		wreg, status,2, status,0
 Tracked objects:
		On entry : 
		On exit  : 
		Unchanged: 
 Data sizes:     COMMON   BANK0   BANK1   BANK2   BANK3   BANK4   BANK5   BANK6   BANK7   BANK8   BANK9  BANK10  BANK11  BANK12
      Params:         1       0       0       0       0       0       0       0       0       0       0       0       0       0
      Locals:         2       0       0       0       0       0       0       0       0       0       0       0       0       0
      Temps:          0       0       0       0       0       0       0       0       0       0       0       0       0       0
      Totals:         3       0       0       0       0       0       0       0       0       0       0       0       0       0
Total ram usage:        3 bytes
 Hardware stack levels used:    1
 This function calls:
		Nothing
 This function is called by:
		_led_set_custom
 This function uses a non-reentrant model


 *************** function _tmr1_gate_isr *****************
 Defined at:
		line 118 in file "src/drv_tmr1xx.c"
 Parameters:    Size  Location     Type
		None
 Auto vars:     Size  Location     Type
		None
 Return value:  Size  Location     Type
                  1    wreg      void 
 Registers used:
		wreg, fsr0l, fsr0h, status,2, status,0, pclath, cstack
 Tracked objects:
		On entry : 
		On exit  : 
		Unchanged: 
 Data sizes:     COMMON   BANK0   BANK1   BANK2   BANK3   BANK4   BANK5   BANK6   BANK7   BANK8   BANK9  BANK10  BANK11  BANK12
      Params:         0       0       0       0       0       0       0       0       0       0       0       0       0       0
      Locals:         0       0       0       0       0       0       0       0       0       0       0       0       0       0
      Temps:          0       0       0       0       0       0       0       0       0       0       0       0       0       0
      Totals:         0       0       0       0       0       0       0       0       0       0       0       0       0       0
Total ram usage:        0 bytes
 Hardware stack levels used:    1
 Hardware stack levels required when called:    2
 This function calls:
		Absolute function
		_ir_decode
 This function is called by:
		_ISR
 This function uses a non-reentrant model


 *************** function _ir_decode *****************
 Defined at:
		line 143 in file "src/app_ir.c"
 Parameters:    Size  Location     Type
		None
 Auto vars:     Size  Location     Type
  hVal            2   12[COMMON] unsigned int 
  keyNum          1   11[COMMON] unsigned char 
  reKeyNum        1   10[COMMON] unsigned char 
 Return value:  Size  Location     Type
                  1    wreg      void 
 Registers used:
		wreg, fsr0l, fsr0h, status,2, status,0, pclath, cstack
 Tracked objects:
		On entry : 
		On exit  : 
		Unchanged: 
 Data sizes:     COMMON   BANK0   BANK1   BANK2   BANK3   BANK4   BANK5   BANK6   BANK7   BANK8   BANK9  BANK10  BANK11  BANK12
      Params:         0       0       0       0       0       0       0       0       0       0       0       0       0       0
      Locals:         4       0       0       0       0       0       0       0       0       0       0       0       0       0
      Temps:          4       0       0       0       0       0       0       0       0       0       0       0       0       0
      Totals:         8       0       0       0       0       0       0       0       0       0       0       0       0       0
Total ram usage:        8 bytes
 Hardware stack levels used:    1
 Hardware stack levels required when called:    1
 This function calls:
		_tmr1_readtimer
		_tmr2_disabled_isr
		i1_led_get_power_state
		i1_tmr1_writetimer
		i1_tmr2_enabled_isr
 This function is called by:
		_app_init
		_tmr1_gate_isr
 This function uses a non-reentrant model


 *************** function i1_tmr2_enabled_isr *****************
 Defined at:
		line 25 in file "src/drv_tmr2xx.c"
 Parameters:    Size  Location     Type
		None
 Auto vars:     Size  Location     Type
		None
 Return value:  Size  Location     Type
                  1    wreg      void 
 Registers used:
		None
 Tracked objects:
		On entry : 
		On exit  : 
		Unchanged: 
 Data sizes:     COMMON   BANK0   BANK1   BANK2   BANK3   BANK4   BANK5   BANK6   BANK7   BANK8   BANK9  BANK10  BANK11  BANK12
      Params:         0       0       0       0       0       0       0       0       0       0       0       0       0       0
      Locals:         0       0       0       0       0       0       0       0       0       0       0       0       0       0
      Temps:          0       0       0       0       0       0       0       0       0       0       0       0       0       0
      Totals:         0       0       0       0       0       0       0       0       0       0       0       0       0       0
Total ram usage:        0 bytes
 Hardware stack levels used:    1
 This function calls:
		Nothing
 This function is called by:
		_ir_decode
 This function uses a non-reentrant model


 *************** function i1_tmr1_writetimer *****************
 Defined at:
		line 77 in file "src/drv_tmr1xx.c"
 Parameters:    Size  Location     Type
  value           2    0[COMMON] unsigned int 
 Auto vars:     Size  Location     Type
		None
 Return value:  Size  Location     Type
                  1    wreg      void 
 Registers used:
		wreg
 Tracked objects:
		On entry : 
		On exit  : 
		Unchanged: 
 Data sizes:     COMMON   BANK0   BANK1   BANK2   BANK3   BANK4   BANK5   BANK6   BANK7   BANK8   BANK9  BANK10  BANK11  BANK12
      Params:         2       0       0       0       0       0       0       0       0       0       0       0       0       0
      Locals:         0       0       0       0       0       0       0       0       0       0       0       0       0       0
      Temps:          0       0       0       0       0       0       0       0       0       0       0       0       0       0
      Totals:         2       0       0       0       0       0       0       0       0       0       0       0       0       0
Total ram usage:        2 bytes
 Hardware stack levels used:    1
 This function calls:
		Nothing
 This function is called by:
		_ir_decode
 This function uses a non-reentrant model


 *************** function i1_led_get_power_state *****************
 Defined at:
		line 127 in file "src/app_led.c"
 Parameters:    Size  Location     Type
		None
 Auto vars:     Size  Location     Type
		None
 Return value:  Size  Location     Type
                  1    wreg      unsigned char 
 Registers used:
		wreg, status,2, status,0
 Tracked objects:
		On entry : 
		On exit  : 
		Unchanged: 
 Data sizes:     COMMON   BANK0   BANK1   BANK2   BANK3   BANK4   BANK5   BANK6   BANK7   BANK8   BANK9  BANK10  BANK11  BANK12
      Params:         0       0       0       0       0       0       0       0       0       0       0       0       0       0
      Locals:         0       0       0       0       0       0       0       0       0       0       0       0       0       0
      Temps:          0       0       0       0       0       0       0       0       0       0       0       0       0       0
      Totals:         0       0       0       0       0       0       0       0       0       0       0       0       0       0
Total ram usage:        0 bytes
 Hardware stack levels used:    1
 This function calls:
		Nothing
 This function is called by:
		_ir_decode
 This function uses a non-reentrant model


 *************** function _tmr2_disabled_isr *****************
 Defined at:
		line 29 in file "src/drv_tmr2xx.c"
 Parameters:    Size  Location     Type
		None
 Auto vars:     Size  Location     Type
		None
 Return value:  Size  Location     Type
                  1    wreg      void 
 Registers used:
		None
 Tracked objects:
		On entry : 
		On exit  : 
		Unchanged: 
 Data sizes:     COMMON   BANK0   BANK1   BANK2   BANK3   BANK4   BANK5   BANK6   BANK7   BANK8   BANK9  BANK10  BANK11  BANK12
      Params:         0       0       0       0       0       0       0       0       0       0       0       0       0       0
      Locals:         0       0       0       0       0       0       0       0       0       0       0       0       0       0
      Temps:          0       0       0       0       0       0       0       0       0       0       0       0       0       0
      Totals:         0       0       0       0       0       0       0       0       0       0       0       0       0       0
Total ram usage:        0 bytes
 Hardware stack levels used:    1
 This function calls:
		Nothing
 This function is called by:
		_ir_decode
 This function uses a non-reentrant model


 *************** function _tmr1_readtimer *****************
 Defined at:
		line 89 in file "src/drv_tmr1xx.c"
 Parameters:    Size  Location     Type
		None
 Auto vars:     Size  Location     Type
  readVal         2    2[COMMON] unsigned int 
  readValLow      1    5[COMMON] unsigned char 
  readValHigh     1    4[COMMON] unsigned char 
 Return value:  Size  Location     Type
                  2    0[COMMON] unsigned int 
 Registers used:
		wreg, status,2
 Tracked objects:
		On entry : 
		On exit  : 
		Unchanged: 
 Data sizes:     COMMON   BANK0   BANK1   BANK2   BANK3   BANK4   BANK5   BANK6   BANK7   BANK8   BANK9  BANK10  BANK11  BANK12
      Params:         2       0       0       0       0       0       0       0       0       0       0       0       0       0
      Locals:         4       0       0       0       0       0       0       0       0       0       0       0       0       0
      Temps:          0       0       0       0       0       0       0       0       0       0       0       0       0       0
      Totals:         6       0       0       0       0       0       0       0       0       0       0       0       0       0
Total ram usage:        6 bytes
 Hardware stack levels used:    1
 This function calls:
		Nothing
 This function is called by:
		_ir_decode
 This function uses a non-reentrant model



MODULE INFORMATION

Module		Function		Class		Link	Load	Size
src/drv_gpio.c
		_gpio_set      		CODE           	00D8	0000	65
		_gpio_set_intputpps		CODE           	00BE	0000	7
		_gpio_set_outputpps		CODE           	0155	0000	39

src/drv_gpio.c estimated size: 111

src/drv_eeprom.c
		_eeprom_read_byte		CODE           	057D	0000	15
		_eeprom_write_buffer		CODE           	034B	0000	23
		_eeprom_write_byte		CODE           	0361	0000	34
		_eeprom_read_buffer		CODE           	0567	0000	23

src/drv_eeprom.c estimated size: 95

src/app_ir.c
		_ir_long_action		CODE           	0DD5	0000	114
		_ir_decode     		CODE           	0646	0000	233
		_ir_action     		CODE           	029A	0000	10
		_ir_tmr1_overflow_rest		CODE           	02A3	0000	121
		_ir_get_index  		CODE           	0429	0000	90
		_ir_short_action		CODE           	0382	0000	168

src/app_ir.c estimated size: 736

src/drv_tmr2xx.c
		_tmr2_init     		CODE           	020F	0000	23
		_tmr2_starttimer		CODE           	0228	0000	3
		_tmr2_disabled_isr		CODE           	0750	0000	4
		_tmr2_isr      		CODE           	07CD	0000	12
		_tmr2_enabled_isr		CODE           	031B	0000	4
		_tmr2_reload   		CODE           	0225	0000	4

src/drv_tmr2xx.c estimated size: 50

src/drv_pwm.c
		_pwm3_init     		CODE           	017B	0000	36
		_pwm3_load_duty		CODE           	0784	0000	21
		_pwm4_init     		CODE           	019E	0000	35
		_pwm4_load_duty		CODE           	0770	0000	21
		_pwm5_init     		CODE           	01C0	0000	27
		_pwm5_load_duty		CODE           	07C0	0000	14
		_pwm1_init     		CODE           	0118	0000	30
		_pwm1_load_duty		CODE           	07AC	0000	21
		_pwm2_init     		CODE           	0135	0000	33
		_pwm2_load_duty		CODE           	0798	0000	21

src/drv_pwm.c estimated size: 259

src/app_util.c
		_util_increase 		CODE           	05D6	0000	34
		_util_decrease 		CODE           	05A2	0000	34

src/app_util.c estimated size: 68

src/app_main.c
		_ISR           		CODE           	0004	0000	23
		_main          		CODE           	0047	0000	15
		_app_init      		CODE           	0055	0000	106

src/app_main.c estimated size: 144

shared
		PL12           		CODE           	0622	0000	10
		PL8            		CODE           	060D	0000	12
		PL22           		CODE           	0FEA	0000	6
		PL32           		CODE           	0753	0000	5
		PL14           		CODE           	062B	0000	10
		i1_led_get_power_state		CODE           	073E	0000	2
		PL24           		CODE           	0FEF	0000	7
		PL34           		CODE           	0FFB	0000	6
		PL16           		CODE           	0FDC	0000	9
		PL26           		CODE           	0FF5	0000	7
		i1_tmr1_writetimer		CODE           	073F	0000	15
		PL18           		CODE           	0FE4	0000	7
		PL28           		CODE           	063A	0000	7
		i1_led_get_state		CODE           	0E9F	0000	21
		__initialization		CODE           	001C	0000	41
		i1_ir_get_index		CODE           	0E46	0000	90
		i1_led_set_decrease_bright		CODE           	0EE6	0000	20
		i1_led_set_increase_bright		CODE           	0F19	0000	20
		i1___bmul      		CODE           	0ECE	0000	13
		i1_util_decrease		CODE           	0EF9	0000	33
		i1_util_increase		CODE           	0F2C	0000	33
		PL2            		CODE           	05F7	0000	16
		PL10           		CODE           	0618	0000	11
		PL4            		CODE           	0606	0000	8
		PL20           		CODE           	0634	0000	7
		PL30           		CODE           	0640	0000	7
		PL6            		CODE           	0FCA	0000	19
		i1_tmr2_enabled_isr		CODE           	074D	0000	4

shared estimated size: 446

src/app_led.c
		_led_init      		CODE           	022A	0000	97
		_led_para_init 		CODE           	04DF	0000	125
		_led_turnon_ramp		CODE           	028A	0000	17
		_led_set_custom_bright		CODE           	0483	0000	38
		_led_clear_state		CODE           	058B	0000	5
		_led_turnoff_direct		CODE           	0F77	0000	10
		_led_get_power_state		CODE           	0482	0000	2
		_led_get_state 		CODE           	0328	0000	22
		_led_save_para 		CODE           	031E	0000	11
		_led_set_state 		CODE           	04A8	0000	13
		_led_setcolour 		CODE           	04B4	0000	32
		_led_run       		CODE           	0DC9	0000	13
		_led_set_custom		CODE           	0EB3	0000	28
		_led_turnoff_ramp		CODE           	033F	0000	13
		_led_set_decrease_bright		CODE           	058F	0000	20
		_led_set_increase_bright		CODE           	05C3	0000	20
		_led_notice    		CODE           	0F4C	0000	44
		_led_startnotice		CODE           	0EDA	0000	13
		_led_ramp      		CODE           	0F89	0000	66
		_led_turnon_direct		CODE           	0F80	0000	10
		_led_toggle    		CODE           	04D3	0000	13

src/app_led.c estimated size: 612

D:\Program Files\Microchip\xc8\v1.44\sources\common\Umul8.c
		___bmul        		CODE           	055B	0000	13

D:\Program Files\Microchip\xc8\v1.44\sources\common\Umul8.c estimated size: 13

src/drv_osc.c
		_osc_init      		CODE           	00C4	0000	21

src/drv_osc.c estimated size: 21

src/drv_tmr1xx.c
		_tmr1_writetimer		CODE           	0201	0000	15
		_tmr1_starttimer		CODE           	01FE	0000	4
		_tmr1_readtimer		CODE           	072E	0000	17
		_tmr1_gate_isr 		CODE           	07D8	0000	12
		_tmr1_gate_enabled_isr		CODE           	01DA	0000	4
		_tmr1_stoptimer		CODE           	033D	0000	3
		_tmr1_init     		CODE           	01DD	0000	34

src/drv_tmr1xx.c estimated size: 89

